// Jest Snapshot v1, https://goo.gl/fbAQLP

exports[`Product Computation Tests Realistic data sets should correctly calculate all values for a realistic product 1`] = `
{
  "breakEvenPoint": 0.57,
  "contributionMargin": 87.5,
  "manufacturingCostPerUnit": 150,
  "marginOfSafety": 99.93,
  "profitPerUnit": 37.5,
  "recommendedRetailPrice": 187.5,
  "totalPotentialProfit": 30000,
}
`;

exports[`Product Computation Tests getComputationResult should return correct computation result 1`] = `
{
  "breakEvenPoint": 0.63,
  "contributionMargin": 80,
  "manufacturingCostPerUnit": 150,
  "marginOfSafety": 99.21,
  "profitPerUnit": 30,
  "recommendedRetailPrice": 180,
  "totalPotentialProfit": 2400,
}
`;
